// Jest Snapshot v1, https://goo.gl/fbAQLP

exports[`dashboard page test 1`] = `
<div>
  Dashboard Page Content
</div>
`;
