// Jest Snapshot v1, https://goo.gl/fbAQLP

exports[`not found page 1`] = `
<div>
  404 NOD FOUND! 
  <Link
    replace={false}
    to="/"
  >
    Go Home
  </Link>
</div>
`;
